Archive member included to satisfy reference by file (symbol)

e:/qmk_msys/mingw64/bin/../lib/gcc/avr/8.4.0/../../../../avr/lib/avr5\libm.a(fixunssfsi.o)
                              .build/obj_atelier6k_default/protocol/host.o (__fixunssfsi)
e:/qmk_msys/mingw64/bin/../lib/gcc/avr/8.4.0/../../../../avr/lib/avr5\libm.a(fp_split3.o)
                              e:/qmk_msys/mingw64/bin/../lib/gcc/avr/8.4.0/../../../../avr/lib/avr5\libm.a(fixunssfsi.o) (__fp_splitA)
e:/qmk_msys/mingw64/bin/../lib/gcc/avr/8.4.0/../../../../avr/lib/avr5\libm.a(fp_zero.o)
                              e:/qmk_msys/mingw64/bin/../lib/gcc/avr/8.4.0/../../../../avr/lib/avr5\libm.a(fixunssfsi.o) (__fp_zero)
e:/qmk_msys/mingw64/bin/../lib/gcc/avr/8.4.0/../../../../avr/lib/avr5\libm.a(mulsf3.o)
                              .build/obj_atelier6k_default/protocol/host.o (__mulsf3)
e:/qmk_msys/mingw64/bin/../lib/gcc/avr/8.4.0/../../../../avr/lib/avr5\libm.a(mulsf3x.o)
                              e:/qmk_msys/mingw64/bin/../lib/gcc/avr/8.4.0/../../../../avr/lib/avr5\libm.a(mulsf3.o) (__mulsf3x)
e:/qmk_msys/mingw64/bin/../lib/gcc/avr/8.4.0/../../../../avr/lib/avr5\libm.a(fp_inf.o)
                              e:/qmk_msys/mingw64/bin/../lib/gcc/avr/8.4.0/../../../../avr/lib/avr5\libm.a(mulsf3x.o) (__fp_inf)
e:/qmk_msys/mingw64/bin/../lib/gcc/avr/8.4.0/../../../../avr/lib/avr5\libm.a(fp_nan.o)
                              e:/qmk_msys/mingw64/bin/../lib/gcc/avr/8.4.0/../../../../avr/lib/avr5\libm.a(mulsf3x.o) (__fp_nan)
e:/qmk_msys/mingw64/bin/../lib/gcc/avr/8.4.0/../../../../avr/lib/avr5\libm.a(fp_pscA.o)
                              e:/qmk_msys/mingw64/bin/../lib/gcc/avr/8.4.0/../../../../avr/lib/avr5\libm.a(mulsf3x.o) (__fp_pscA)
e:/qmk_msys/mingw64/bin/../lib/gcc/avr/8.4.0/../../../../avr/lib/avr5\libm.a(fp_pscB.o)
                              e:/qmk_msys/mingw64/bin/../lib/gcc/avr/8.4.0/../../../../avr/lib/avr5\libm.a(mulsf3x.o) (__fp_pscB)
e:/qmk_msys/mingw64/bin/../lib/gcc/avr/8.4.0/../../../../avr/lib/avr5\libm.a(fp_round.o)
                              e:/qmk_msys/mingw64/bin/../lib/gcc/avr/8.4.0/../../../../avr/lib/avr5\libm.a(mulsf3.o) (__fp_round)
e:/qmk_msys/mingw64/bin/../lib/gcc/avr/8.4.0/avr5\libgcc.a(_mulsi3.o)
                              .build/obj_atelier6k_default/quantum/backlight/backlight_avr.o (__mulsi3)
e:/qmk_msys/mingw64/bin/../lib/gcc/avr/8.4.0/avr5\libgcc.a(_divmodqi4.o)
                              .build/obj_atelier6k_default/quantum/rgblight/rgblight.o (__divmodqi4)
e:/qmk_msys/mingw64/bin/../lib/gcc/avr/8.4.0/avr5\libgcc.a(_udivmodhi4.o)
                              .build/obj_atelier6k_default/quantum/color.o (__udivmodhi4)
e:/qmk_msys/mingw64/bin/../lib/gcc/avr/8.4.0/avr5\libgcc.a(_divmodhi4.o)
                              .build/obj_atelier6k_default/quantum/mousekey.o (__divmodhi4)
e:/qmk_msys/mingw64/bin/../lib/gcc/avr/8.4.0/avr5\libgcc.a(_udivmodsi4.o)
                              .build/obj_atelier6k_default/quantum/quantum.o (__udivmodsi4)
e:/qmk_msys/mingw64/bin/../lib/gcc/avr/8.4.0/avr5\libgcc.a(_exit.o)
                              e:/qmk_msys/mingw64/bin/../lib/gcc/avr/8.4.0/../../../../avr/lib/avr5/crtatmega32u4.o (exit)
e:/qmk_msys/mingw64/bin/../lib/gcc/avr/8.4.0/avr5\libgcc.a(_tablejump2.o)
                              .build/obj_atelier6k_default/quantum/action.o (__tablejump2__)
e:/qmk_msys/mingw64/bin/../lib/gcc/avr/8.4.0/avr5\libgcc.a(_copy_data.o)
                              .build/obj_atelier6k_default/quantum/quantum.o (__do_copy_data)
e:/qmk_msys/mingw64/bin/../lib/gcc/avr/8.4.0/avr5\libgcc.a(_clear_bss.o)
                              .build/obj_atelier6k_default/quantum/quantum.o (__do_clear_bss)
e:/qmk_msys/mingw64/bin/../lib/gcc/avr/8.4.0/avr5\libgcc.a(_bswapsi2.o)
                              .build/obj_atelier6k_default/quantum/via.o (__bswapsi2)
e:/qmk_msys/mingw64/bin/../lib/gcc/avr/8.4.0/avr5\libgcc.a(_mulhisi3.o)
                              .build/obj_atelier6k_default/quantum/rgblight/rgblight.o (__mulhisi3)
e:/qmk_msys/mingw64/bin/../lib/gcc/avr/8.4.0/avr5\libgcc.a(_umulhisi3.o)
                              .build/obj_atelier6k_default/quantum/rgblight/rgblight.o (__umulhisi3)
e:/qmk_msys/mingw64/bin/../lib/gcc/avr/8.4.0/avr5\libgcc.a(_usmulhisi3.o)
                              e:/qmk_msys/mingw64/bin/../lib/gcc/avr/8.4.0/avr5\libgcc.a(_mulhisi3.o) (__usmulhisi3_tail)
e:/qmk_msys/mingw64/bin/../lib/gcc/avr/8.4.0/avr5\libgcc.a(_muluhisi3.o)
                              .build/obj_atelier6k_default/quantum/rgblight/rgblight.o (__muluhisi3)
e:/qmk_msys/mingw64/bin/../lib/gcc/avr/8.4.0/avr5\libgcc.a(_mulshisi3.o)
                              .build/obj_atelier6k_default/quantum/rgblight/rgblight.o (__mulshisi3)
e:/qmk_msys/mingw64/bin/../lib/gcc/avr/8.4.0/avr5\libgcc.a(_prologue.o)
                              .build/obj_atelier6k_default/quantum/quantum.o (__prologue_saves__)
e:/qmk_msys/mingw64/bin/../lib/gcc/avr/8.4.0/avr5\libgcc.a(_epilogue.o)
[...]
Memory Configuration

Name             Origin             Length             Attributes
text             0x0000000000000000 0x0000000000020000 xr
data             0x0000000000800060 0x000000000000ffa0 rw !x
eeprom           0x0000000000810000 0x0000000000010000 rw !x
fuse             0x0000000000820000 0x0000000000000400 rw !x
lock             0x0000000000830000 0x0000000000000400 rw !x
signature        0x0000000000840000 0x0000000000000400 rw !x
user_signatures  0x0000000000850000 0x0000000000000400 rw !x
*default*        0x0000000000000000 0xffffffffffffffff

Linker script and memory map

Address of section .data set to 0x800100
LOAD e:/qmk_msys/mingw64/bin/../lib/gcc/avr/8.4.0/../../../../avr/lib/avr5/crtatmega32u4.o
LOAD .build/obj_atelier6k_default/keyboards/atelier6k/atelier6k.o
LOAD .build/obj_atelier6k_default/.build/obj_atelier6k/src/default_keyboard.o
LOAD .build/obj_atelier6k_default/keyboards/atelier6k/keymaps/default/keymap.o
LOAD .build/obj_atelier6k_default/quantum/quantum.o
LOAD .build/obj_atelier6k_default/quantum/send_string.o
LOAD .build/obj_atelier6k_default/quantum/bitwise.o
LOAD .build/obj_atelier6k_default/quantum/led.o
LOAD .build/obj_atelier6k_default/quantum/action.o
LOAD .build/obj_atelier6k_default/quantum/action_layer.o
LOAD .build/obj_atelier6k_default/quantum/action_tapping.o
LOAD .build/obj_atelier6k_default/quantum/action_util.o
LOAD .build/obj_atelier6k_default/quantum/eeconfig.o
LOAD .build/obj_atelier6k_default/quantum/keyboard.o
LOAD .build/obj_atelier6k_default/quantum/keymap_common.o
LOAD .build/obj_atelier6k_default/quantum/keycode_config.o
LOAD .build/obj_atelier6k_default/quantum/sync_timer.o
LOAD .build/obj_atelier6k_default/quantum/logging/debug.o
LOAD .build/obj_atelier6k_default/quantum/logging/sendchar.o
LOAD .build/obj_atelier6k_default/quantum/bootmagic/bootmagic_lite.o
LOAD .build/obj_atelier6k_default/quantum/bootmagic/magic.o
LOAD .build/obj_atelier6k_default/quantum/matrix_common.o
LOAD .build/obj_atelier6k_default/quantum/matrix.o
LOAD .build/obj_atelier6k_default/quantum/debounce/sym_defer_g.o
LOAD .build/obj_atelier6k_default/quantum/main.o
LOAD .build/obj_atelier6k_default/quantum/mousekey.o
LOAD .build/obj_atelier6k_default/quantum/color.o
LOAD .build/obj_atelier6k_default/quantum/rgblight/rgblight.o
LOAD .build/obj_atelier6k_default/quantum/process_keycode/process_rgb.o
LOAD .build/obj_atelier6k_default/quantum/backlight/backlight.o
LOAD .build/obj_atelier6k_default/quantum/process_keycode/process_backlight.o
LOAD .build/obj_atelier6k_default/quantum/backlight/backlight_driver_common.o
LOAD .build/obj_atelier6k_default/quantum/backlight/backlight_avr.o
LOAD .build/obj_atelier6k_default/ws2812.o
LOAD .build/obj_atelier6k_default/quantum/led_tables.o
LOAD .build/obj_atelier6k_default/quantum/via.o
LOAD .build/obj_atelier6k_default/quantum/process_keycode/process_magic.o
LOAD .build/obj_atelier6k_default/quantum/dynamic_keymap.o
LOAD .build/obj_atelier6k_default/quantum/process_keycode/process_grave_esc.o
LOAD .build/obj_atelier6k_default/quantum/process_keycode/process_space_cadet.o
LOAD .build/obj_atelier6k_default/platforms/avr/xprintf.o
LOAD .build/obj_atelier6k_default/platforms/avr/printf.o
LOAD .build/obj_atelier6k_default/protocol/host.o
LOAD .build/obj_atelier6k_default/protocol/report.o
LOAD .build/obj_atelier6k_default/protocol/usb_device_state.o
LOAD .build/obj_atelier6k_default/protocol/usb_util.o
LOAD .build/obj_atelier6k_default/platforms/suspend.o
LOAD .build/obj_atelier6k_default/platforms/avr/hardware_id.o
LOAD .build/obj_atelier6k_default/platforms/avr/platform.o
LOAD .build/obj_atelier6k_default/platforms/avr/suspend.o
LOAD .build/obj_atelier6k_default/platforms/avr/timer.o
LOAD .build/obj_atelier6k_default/platforms/avr/bootloaders/dfu.o
LOAD .build/obj_atelier6k_default/lufa.o
LOAD .build/obj_atelier6k_default/usb_descriptor.o
LOAD .build/obj_atelier6k_default/lib/lufa/LUFA/Drivers/USB/Class/Common/HIDParser.o
LOAD .build/obj_atelier6k_default/lib/lufa/LUFA/Drivers/USB/Core/AVR8/Device_AVR8.o
LOAD .build/obj_atelier6k_default/lib/lufa/LUFA/Drivers/USB/Core/AVR8/EndpointStream_AVR8.o
LOAD .build/obj_atelier6k_default/lib/lufa/LUFA/Drivers/USB/Core/AVR8/Endpoint_AVR8.o
LOAD .build/obj_atelier6k_default/lib/lufa/LUFA/Drivers/USB/Core/AVR8/Host_AVR8.o
LOAD .build/obj_atelier6k_default/lib/lufa/LUFA/Drivers/USB/Core/AVR8/PipeStream_AVR8.o
LOAD .build/obj_atelier6k_default/lib/lufa/LUFA/Drivers/USB/Core/AVR8/Pipe_AVR8.o
LOAD .build/obj_atelier6k_default/lib/lufa/LUFA/Drivers/USB/Core/AVR8/USBController_AVR8.o
LOAD .build/obj_atelier6k_default/lib/lufa/LUFA/Drivers/USB/Core/AVR8/USBInterrupt_AVR8.o
LOAD .build/obj_atelier6k_default/lib/lufa/LUFA/Drivers/USB/Core/ConfigDescriptors.o
LOAD .build/obj_atelier6k_default/lib/lufa/LUFA/Drivers/USB/Core/DeviceStandardReq.o
LOAD .build/obj_atelier6k_default/lib/lufa/LUFA/Drivers/USB/Core/Events.o
LOAD .build/obj_atelier6k_default/lib/lufa/LUFA/Drivers/USB/Core/HostStandardReq.o
LOAD .build/obj_atelier6k_default/lib/lufa/LUFA/Drivers/USB/Core/USBTask.o
LOAD .build/obj_atelier6k_default/protocol/lufa/usb_util.o
LOAD e:/qmk_msys/mingw64/bin/../lib/gcc/avr/8.4.0/../../../../avr/lib/avr5\libm.a
START GROUP
LOAD e:/qmk_msys/mingw64/bin/../lib/gcc/avr/8.4.0/avr5\libgcc.a
LOAD e:/qmk_msys/mingw64/bin/../lib/gcc/avr/8.4.0/../../../../avr/lib/avr5\libm.a
LOAD e:/qmk_msys/mingw64/bin/../lib/gcc/avr/8.4.0/../../../../avr/lib/avr5\libc.a
LOAD e:/qmk_msys/mingw64/bin/../lib/gcc/avr/8.4.0/../../../../avr/lib/avr5\libatmega32u4.a
END GROUP
                0x0000000000020000                __TEXT_REGION_LENGTH__ = DEFINED (__TEXT_REGION_LENGTH__)?__TEXT_REGION_LENGTH__:0x20000
                0x000000000000ffa0                __DATA_REGION_LENGTH__ = DEFINED (__DATA_REGION_LENGTH__)?__DATA_REGION_LENGTH__:0xffa0
                0x0000000000010000                __EEPROM_REGION_LENGTH__ = DEFINED (__EEPROM_REGION_LENGTH__)?__EEPROM_REGION_LENGTH__:0x10000
                0x0000000000000400                __FUSE_REGION_LENGTH__ = DEFINED (__FUSE_REGION_LENGTH__)?__FUSE_REGION_LENGTH__:0x400
                0x0000000000000400                __LOCK_REGION_LENGTH__ = DEFINED (__LOCK_REGION_LENGTH__)?__LOCK_REGION_LENGTH__:0x400
                0x0000000000000400                __SIGNATURE_REGION_LENGTH__ = DEFINED (__SIGNATURE_REGION_LENGTH__)?__SIGNATURE_REGION_LENGTH__:0x400
                0x0000000000000400                __USER_SIGNATURE_REGION_LENGTH__ = DEFINED (__USER_SIGNATURE_REGION_LENGTH__)?__USER_SIGNATURE_REGION_LENGTH__:0x400

.hash
 *(.hash)

.dynsym
 *(.dynsym)

.dynstr
 *(.dynstr)

.gnu.version
 *(.gnu.version)

.gnu.version_d
 *(.gnu.version_d)

.gnu.version_r
 *(.gnu.version_r)

.rel.init
 *(.rel.init)

.rela.init
 *(.rela.init)

.rel.text
 *(.rel.text)
 *(.rel.text.*)
 *(.rel.gnu.linkonce.t*)

.rela.text
 *(.rela.text)
 *(.rela.text.*)
 *(.rela.gnu.linkonce.t*)

.rel.fini
 *(.rel.fini)

.rela.fini
 *(.rela.fini)

.rel.rodata
 *(.rel.rodata)
 *(.rel.rodata.*)
 *(.rel.gnu.linkonce.r*)

.rela.rodata
 *(.rela.rodata)
 *(.rela.rodata.*)
 *(.rela.gnu.linkonce.r*)

.rel.data
 *(.rel.data)
 *(.rel.data.*)
 *(.rel.gnu.linkonce.d*)

.rela.data
 *(.rela.data)
 *(.rela.data.*)
 *(.rela.gnu.linkonce.d*)

.rel.ctors
 *(.rel.ctors)

.rela.ctors
 *(.rela.ctors)

.rel.dtors
 *(.rel.dtors)

.rela.dtors
 *(.rela.dtors)

.rel.got
 *(.rel.got)

.rela.got
 *(.rela.got)

.rel.bss
 *(.rel.bss)

.rela.bss
 *(.rela.bss)

.rel.plt
 *(.rel.plt)

.rela.plt
 *(.rela.plt)

.text           0x0000000000000000     0x5dfc
 *(.vectors)
 .vectors       0x0000000000000000       0xac e:/qmk_msys/mingw64/bin/../lib/gcc/avr/8.4.0/../../../../avr/lib/avr5/crtatmega32u4.o
                0x0000000000000000                __vector_default
                0x0000000000000000                __vectors
 *(.vectors)
 *(.progmem.gcc*)
                0x00000000000000ac                . = ALIGN (0x2)
                0x00000000000000ac                __trampolines_start = .
 *(.trampolines)
 .trampolines   0x00000000000000ac        0x0 linker stubs
 *(.trampolines*)
                0x00000000000000ac                __trampolines_end = .
 *libprintf_flt.a:*(.progmem.data)
 *libc.a:*(.progmem.data)
 *(.progmem.*)
 .progmem.data.keymaps
                0x00000000000000ac       0xa2 .build/obj_atelier6k_default/keyboards/atelier6k/keymaps/default/keymap.o
                0x00000000000000ac                keymaps
 .progmem.data.ascii_to_keycode_lut
                0x000000000000014e       0x80 .build/obj_atelier6k_default/quantum/send_string.o
                0x000000000000014e                ascii_to_keycode_lut
 .progmem.data.ascii_to_dead_lut
                0x00000000000001ce       0x10 .build/obj_atelier6k_default/quantum/send_string.o
                0x00000000000001ce                ascii_to_dead_lut
 .progmem.data.ascii_to_altgr_lut
                0x00000000000001de       0x10 .build/obj_atelier6k_default/quantum/send_string.o
                0x00000000000001de                ascii_to_altgr_lut
 .progmem.data.ascii_to_shift_lut
                0x00000000000001ee       0x10 .build/obj_atelier6k_default/quantum/send_string.o
                0x00000000000001ee                ascii_to_shift_lut
 .progmem.data.RGBLED_RGBTEST_INTERVALS
                0x00000000000001fe        0x2 .build/obj_atelier6k_default/quantum/rgblight/rgblight.o
                0x00000000000001fe                RGBLED_RGBTEST_INTERVALS
 .progmem.data.RGBLED_KNIGHT_INTERVALS
                0x0000000000000200        0x3 .build/obj_atelier6k_default/quantum/rgblight/rgblight.o
                0x0000000000000200                RGBLED_KNIGHT_INTERVALS
 .progmem.data.RGBLED_SNAKE_INTERVALS
                0x0000000000000203        0x3 .build/obj_atelier6k_default/quantum/rgblight/rgblight.o
                0x0000000000000203                RGBLED_SNAKE_INTERVALS
 .progmem.data.RGBLED_RAINBOW_SWIRL_INTERVALS
                0x0000000000000206        0x3 .build/obj_atelier6k_default/quantum/rgblight/rgblight.o
                0x0000000000000206                RGBLED_RAINBOW_SWIRL_INTERVALS
 .progmem.data.RGBLED_RAINBOW_MOOD_INTERVALS
                0x0000000000000209        0x3 .build/obj_atelier6k_default/quantum/rgblight/rgblight.o
                0x0000000000000209                RGBLED_RAINBOW_MOOD_INTERVALS
 .progmem.data.RGBLED_BREATHING_INTERVALS
                0x000000000000020c        0x4 .build/obj_atelier6k_default/quantum/rgblight/rgblight.o
                0x000000000000020c                RGBLED_BREATHING_INTERVALS
 .progmem.data.rgblight_effect_breathe_table
                0x0000000000000210      0x100 .build/obj_atelier6k_default/quantum/rgblight/rgblight.o
                0x0000000000000210                rgblight_effect_breathe_table
 .progmem.data.RGBLED_GRADIENT_RANGES
                0x0000000000000310        0x5 .build/obj_atelier6k_default/quantum/rgblight/rgblight.o
                0x0000000000000310                RGBLED_GRADIENT_RANGES
 .progmem.data.CIE1931_CURVE
                0x0000000000000315      0x100 .build/obj_atelier6k_default/quantum/led_tables.o
                0x0000000000000315                CIE1931_CURVE
 .progmem.data.ProductString
                0x0000000000000415       0x12 .build/obj_atelier6k_default/usb_descriptor.o
                0x0000000000000415                ProductString
 .progmem.data.ManufacturerString
                0x0000000000000427       0x16 .build/obj_atelier6k_default/usb_descriptor.o
                0x0000000000000427                ManufacturerString
 .progmem.data.LanguageString
                0x000000000000043d        0x4 .build/obj_atelier6k_default/usb_descriptor.o
                0x000000000000043d                LanguageString
 .progmem.data.ConfigurationDescriptor
                0x0000000000000441       0x5b .build/obj_atelier6k_default/usb_descriptor.o
                0x0000000000000441                ConfigurationDescriptor
 .progmem.data.DeviceDescriptor
                0x000000000000049c       0x12 .build/obj_atelier6k_default/usb_descriptor.o
                0x000000000000049c                DeviceDescriptor
 .progmem.data.RawReport
                0x00000000000004ae       0x22 .build/obj_atelier6k_default/usb_descriptor.o
                0x00000000000004ae                RawReport
 .progmem.data.SharedReport
                0x00000000000004d0       0x84 .build/obj_atelier6k_default/usb_descriptor.o
                0x00000000000004d0                SharedReport
 .progmem.data.KeyboardReport
                0x0000000000000554       0x40 .build/obj_atelier6k_default/usb_descriptor.o
                0x0000000000000554                KeyboardReport
                0x0000000000000594                . = ALIGN (0x2)
 *(.lowtext)
 *(.lowtext*)
                0x0000000000000594                __ctors_start = .
 *(.ctors)
                0x0000000000000594                __ctors_end = .
                0x0000000000000594                __dtors_start = .
 *(.dtors)
                0x0000000000000594                __dtors_end = .
 SORT_BY_NAME(*)(.ctors)
 SORT_BY_NAME(*)(.dtors)
 *(.init0)
 .init0         0x0000000000000594        0x0 e:/qmk_msys/mingw64/bin/../lib/gcc/avr/8.4.0/../../../../avr/lib/avr5/crtatmega32u4.o
                0x0000000000000594                __init
 *(.init0)
 *(.init1)
 *(.init1)
 *(.init2)
 .init2         0x0000000000000594        0xc e:/qmk_msys/mingw64/bin/../lib/gcc/avr/8.4.0/../../../../avr/lib/avr5/crtatmega32u4.o
 *(.init2)
 *(.init3)
 .init3         0x00000000000005a0       0x36 .build/obj_atelier6k_default/platforms/avr/bootloaders/dfu.o
                0x00000000000005a0                bootloader_jump_after_watchdog_reset
 *(.init3)
 *(.init4)
 .init4         0x00000000000005d6       0x16 e:/qmk_msys/mingw64/bin/../lib/gcc/avr/8.4.0/avr5\libgcc.a(_copy_data.o)
                0x00000000000005d6                __do_copy_data
 .init4         0x00000000000005ec       0x10 e:/qmk_msys/mingw64/bin/../lib/gcc/avr/8.4.0/avr5\libgcc.a(_clear_bss.o)
                0x00000000000005ec                __do_clear_bss
 *(.init4)
 *(.init5)
 *(.init5)
 *(.init6)
 *(.init6)
 *(.init7)
 *(.init7)
 *(.init8)
 *(.init8)
 *(.init9)
 .init9         0x00000000000005fc        0x8 e:/qmk_msys/mingw64/bin/../lib/gcc/avr/8.4.0/../../../../avr/lib/avr5/crtatmega32u4.o
 *(.init9)
 *(.text)
 .text          0x0000000000000604        0x4 e:/qmk_msys/mingw64/bin/../lib/gcc/avr/8.4.0/../../../../avr/lib/avr5/crtatmega32u4.o
                0x0000000000000604                __vector_38
                0x0000000000000604                __vector_22
                0x0000000000000604                __vector_28
                0x0000000000000604                __vector_1
                0x0000000000000604                __vector_32
                0x0000000000000604                __vector_34
                0x0000000000000604                __vector_24
                0x0000000000000604                __bad_interrupt
                0x0000000000000604                __vector_6
                0x0000000000000604                __vector_31
                0x0000000000000604                __vector_35
                0x0000000000000604                __vector_39
                0x0000000000000604                __vector_3
                0x0000000000000604                __vector_23
                0x0000000000000604                __vector_30
                0x0000000000000604                __vector_25
                0x0000000000000604                __vector_13
                0x0000000000000604                __vector_19
                0x0000000000000604                __vector_7
                0x0000000000000604                __vector_41
                0x0000000000000604                __vector_27
                0x0000000000000604                __vector_5
                0x0000000000000604                __vector_33
                0x0000000000000604                __vector_37
                0x0000000000000604                __vector_4
                0x0000000000000604                __vector_9
                0x0000000000000604                __vector_2
                0x0000000000000604                __vector_15
                0x0000000000000604                __vector_36
                0x0000000000000604                __vector_29
                0x0000000000000604                __vector_40
                0x0000000000000604                __vector_8
                0x0000000000000604                __vector_26
                0x0000000000000604                __vector_14
                0x0000000000000604                __vector_16
                0x0000000000000604                __vector_18
                0x0000000000000604                __vector_42
                0x0000000000000608                . = ALIGN (0x2)
 *(.text.*)
 .text.matrix_init_user
                0x0000000000000608        0x2 .build/obj_atelier6k_default/keyboards/atelier6k/keymaps/default/keymap.o
                0x0000000000000608                matrix_init_user
 .text.matrix_scan_user
                0x000000000000060a        0x2 .build/obj_atelier6k_default/keyboards/atelier6k/keymaps/default/keymap.o
                0x000000000000060a                matrix_scan_user
 .text.process_record_user
                0x000000000000060c        0x4 .build/obj_atelier6k_default/keyboards/atelier6k/keymaps/default/keymap.o
                0x000000000000060c                process_record_user
 .text.process_action_kb
                0x0000000000000610        0x4 .build/obj_atelier6k_default/quantum/quantum.o
                0x0000000000000610                process_action_kb
 .text.process_record_kb
                0x0000000000000614        0x6 .build/obj_atelier6k_default/quantum/quantum.o
                0x0000000000000614                process_record_kb
 .text.post_process_record_user
                0x000000000000061a        0x2 .build/obj_atelier6k_default/quantum/quantum.o
                0x000000000000061a                post_process_record_user
 .text.post_process_record_kb
                0x000000000000061c        0x6 .build/obj_atelier6k_default/quantum/quantum.o
                0x000000000000061c                post_process_record_kb
 .text.get_event_keycode
                0x0000000000000622       0x58 .build/obj_atelier6k_default/quantum/quantum.o
                0x0000000000000622                get_event_keycode
 .text.get_record_keycode
                0x000000000000067a       0x14 .build/obj_atelier6k_default/quantum/quantum.o
                0x000000000000067a                get_record_keycode
 .text.pre_process_record_quantum
                0x000000000000068e        0x4 .build/obj_atelier6k_default/quantum/quantum.o
                0x000000000000068e                pre_process_record_quantum
 .text.post_process_record_quantum
                0x0000000000000692       0x18 .build/obj_atelier6k_default/quantum/quantum.o
                0x0000000000000692                post_process_record_quantum
 .text.update_tri_layer_state
                0x00000000000006aa       0x3a .build/obj_atelier6k_default/quantum/quantum.o
                0x00000000000006aa                update_tri_layer_state
 .text.update_tri_layer
                0x00000000000006e4       0x14 .build/obj_atelier6k_default/quantum/quantum.o
                0x00000000000006e4                update_tri_layer
 .text.matrix_init_quantum
                0x00000000000006f8        0x6 .build/obj_atelier6k_default/quantum/quantum.o
                0x00000000000006f8                matrix_init_quantum
 .text.matrix_scan_quantum
                0x00000000000006fe        0x6 .build/obj_atelier6k_default/quantum/quantum.o
                0x00000000000006fe                matrix_scan_quantum
 .text.shutdown_user
                0x0000000000000704        0x2 .build/obj_atelier6k_default/quantum/quantum.o
                0x0000000000000704                shutdown_user
 .text.shutdown_quantum
                0x0000000000000706       0x1c .build/obj_atelier6k_default/quantum/quantum.o
                0x0000000000000706                shutdown_quantum
 .text.reset_keyboard
                0x0000000000000722        0xa .build/obj_atelier6k_default/quantum/quantum.o
                0x0000000000000722                reset_keyboard
 .text.soft_reset_keyboard
                0x000000000000072c        0xa .build/obj_atelier6k_default/quantum/quantum.o
                0x000000000000072c                soft_reset_keyboard
 .text.process_record_quantum
                0x0000000000000736       0xcc .build/obj_atelier6k_default/quantum/quantum.o
                0x0000000000000736                process_record_quantum
 .text.suspend_power_down_quantum
                0x0000000000000802       0x10 .build/obj_atelier6k_default/quantum/quantum.o
                0x0000000000000802                suspend_power_down_quantum
 .text.suspend_wakeup_init_quantum
                0x0000000000000812        0xe .build/obj_atelier6k_default/quantum/quantum.o
                0x0000000000000812                suspend_wakeup_init_quantum
 .text.send_char
                0x0000000000000820       0xba .build/obj_atelier6k_default/quantum/send_string.o
                0x0000000000000820                send_char
 .text.send_string_with_delay
                0x00000000000008da       0xcc .build/obj_atelier6k_default/quantum/send_string.o
                0x00000000000008da                send_string_with_delay
 .text.send_string
                0x00000000000009a6        0x8 .build/obj_atelier6k_default/quantum/send_string.o
                0x00000000000009a6                send_string
 .text.led_set_user
                0x00000000000009ae        0x2 .build/obj_atelier6k_default/quantum/led.o
                0x00000000000009ae                led_set_user
 .text.led_set_kb
                0x00000000000009b0        0x6 .build/obj_atelier6k_default/quantum/led.o
                0x00000000000009b0                led_set_kb
 .text.led_update_user
                0x00000000000009b6        0x4 .build/obj_atelier6k_default/quantum/led.o
                0x00000000000009b6                led_update_user
 .text.led_update_kb
                0x00000000000009ba        0x6 .build/obj_atelier6k_default/quantum/led.o
                0x00000000000009ba                led_update_kb
 .text.led_init_ports
                0x00000000000009c0        0x2 .build/obj_atelier6k_default/quantum/led.o
                0x00000000000009c0                led_init_ports
 .text.led_set  0x00000000000009c2       0x12 .build/obj_atelier6k_default/quantum/led.o
                0x00000000000009c2                led_set
 .text.led_suspend
                0x00000000000009d4        0x8 .build/obj_atelier6k_default/quantum/led.o
                0x00000000000009d4                led_suspend
 .text.led_wakeup
                0x00000000000009dc        0xa .build/obj_atelier6k_default/quantum/led.o
                0x00000000000009dc                led_wakeup
 .text.led_task
                0x00000000000009e6       0x16 .build/obj_atelier6k_default/quantum/led.o
                0x00000000000009e6                led_task
 .text.action_exec
                0x00000000000009fc       0x6a .build/obj_atelier6k_default/quantum/action.o
                0x00000000000009fc                action_exec
 .text.process_record_tap_hint
                0x0000000000000a66        0xc .build/obj_atelier6k_default/quantum/action.o
                0x0000000000000a66                process_record_tap_hint
 .text.register_code
                0x0000000000000a72       0xee .build/obj_atelier6k_default/quantum/action.o
                0x0000000000000a72                register_code
 .text.unregister_code
                0x0000000000000b60       0xb2 .build/obj_atelier6k_default/quantum/action.o
                0x0000000000000b60                unregister_code
 .text.tap_code_delay
                0x0000000000000c12       0x30 .build/obj_atelier6k_default/quantum/action.o
                0x0000000000000c12                tap_code_delay
 .text.tap_code
                0x0000000000000c42       0x12 .build/obj_atelier6k_default/quantum/action.o
                0x0000000000000c42                tap_code
 .text.register_mods
                0x0000000000000c54        0xe .build/obj_atelier6k_default/quantum/action.o
                0x0000000000000c54                register_mods
 .text.unregister_mods
                0x0000000000000c62        0xe .build/obj_atelier6k_default/quantum/action.o
                0x0000000000000c62                unregister_mods
 .text.process_action
                0x0000000000000c70      0x3a4 .build/obj_atelier6k_default/quantum/action.o
                0x0000000000000c70                process_action
 .text.process_record_handler
                0x0000000000001014       0x30 .build/obj_atelier6k_default/quantum/action.o
                0x0000000000001014                process_record_handler
 .text.process_record
                0x0000000000001044       0x54 .build/obj_atelier6k_default/quantum/action.o
                0x0000000000001044                process_record
 .text.clear_keyboard_but_mods_and_keys
                0x0000000000001098       0x12 .build/obj_atelier6k_default/quantum/action.o
                0x0000000000001098                clear_keyboard_but_mods_and_keys
 .text.clear_keyboard_but_mods
                0x00000000000010aa        0xa .build/obj_atelier6k_default/quantum/action.o
                0x00000000000010aa                clear_keyboard_but_mods
 .text.clear_keyboard
                0x00000000000010b4        0xa .build/obj_atelier6k_default/quantum/action.o
                0x00000000000010b4                clear_keyboard
 .text.is_tap_action
                0x00000000000010be       0x36 .build/obj_atelier6k_default/quantum/action.o
                0x00000000000010be                is_tap_action
 .text.is_tap_record
                0x00000000000010f4       0x10 .build/obj_atelier6k_default/quantum/action.o
                0x00000000000010f4                is_tap_record
 .text.debug_event
                0x0000000000001104       0x14 .build/obj_atelier6k_default/quantum/action.o
                0x0000000000001104                debug_event
 .text.debug_record
                0x0000000000001118       0x14 .build/obj_atelier6k_default/quantum/action.o
                0x0000000000001118                debug_record
 .text.default_layer_state_set_user
                0x000000000000112c        0x2 .build/obj_atelier6k_default/quantum/action_layer.o
                0x000000000000112c                default_layer_state_set_user
 .text.default_layer_state_set_kb
                0x000000000000112e        0x6 .build/obj_atelier6k_default/quantum/action_layer.o
                0x000000000000112e                default_layer_state_set_kb
 .text.default_layer_state_set
                0x0000000000001134        0xe .build/obj_atelier6k_default/quantum/action_layer.o
 .text.default_layer_debug
                0x0000000000001142        0x2 .build/obj_atelier6k_default/quantum/action_layer.o
                0x0000000000001142                default_layer_debug
 .text.default_layer_set
                0x0000000000001144        0x6 .build/obj_atelier6k_default/quantum/action_layer.o
                0x0000000000001144                default_layer_set
 .text.default_layer_or
                0x000000000000114a        0xc .build/obj_atelier6k_default/quantum/action_layer.o
                0x000000000000114a                default_layer_or
 .text.default_layer_and
                0x0000000000001156        0xc .build/obj_atelier6k_default/quantum/action_layer.o
                0x0000000000001156                default_layer_and
 .text.default_layer_xor
                0x0000000000001162        0xc .build/obj_atelier6k_default/quantum/action_layer.o
                0x0000000000001162                default_layer_xor
 .text.layer_state_set_user
                0x000000000000116e        0x6 .build/obj_atelier6k_default/quantum/action_layer.o
                0x000000000000116e                layer_state_set_user
 .text.layer_state_set_kb
                0x0000000000001174        0x6 .build/obj_atelier6k_default/quantum/action_layer.o
                0x0000000000001174                layer_state_set_kb
 .text.layer_state_set
                0x000000000000117a        0xe .build/obj_atelier6k_default/quantum/action_layer.o
                0x000000000000117a                layer_state_set
 .text.layer_clear
                0x0000000000001188        0x8 .build/obj_atelier6k_default/quantum/action_layer.o
                0x0000000000001188                layer_clear
 .text.layer_move
                0x0000000000001190       0x12 .build/obj_atelier6k_default/quantum/action_layer.o
                0x0000000000001190                layer_move
 .text.layer_on
                0x00000000000011a2       0x18 .build/obj_atelier6k_default/quantum/action_layer.o
                0x00000000000011a2                layer_on
 .text.layer_off
                0x00000000000011ba       0x1a .build/obj_atelier6k_default/quantum/action_layer.o
                0x00000000000011ba                layer_off
 .text.layer_invert
                0x00000000000011d4       0x18 .build/obj_atelier6k_default/quantum/action_layer.o
                0x00000000000011d4                layer_invert
 .text.layer_or
                0x00000000000011ec        0xc .build/obj_atelier6k_default/quantum/action_layer.o
                0x00000000000011ec                layer_or
 .text.layer_and
                0x00000000000011f8        0xc .build/obj_atelier6k_default/quantum/action_layer.o
                0x00000000000011f8                layer_and
 .text.layer_xor
                0x0000000000001204        0xc .build/obj_atelier6k_default/quantum/action_layer.o
                0x0000000000001204                layer_xor
 .text.layer_debug
                0x0000000000001210        0x2 .build/obj_atelier6k_default/quantum/action_layer.o
                0x0000000000001210                layer_debug
 .text.update_source_layers_cache_impl
                0x0000000000001212       0x5a .build/obj_atelier6k_default/quantum/action_layer.o
                0x0000000000001212                update_source_layers_cache_impl
 .text.read_source_layers_cache_impl
                0x000000000000126c       0x4e .build/obj_atelier6k_default/quantum/action_layer.o
                0x000000000000126c                read_source_layers_cache_impl
 .text.update_source_layers_cache
                0x00000000000012ba       0x24 .build/obj_atelier6k_default/quantum/action_layer.o
                0x00000000000012ba                update_source_layers_cache
 .text.read_source_layers_cache
                0x00000000000012de       0x24 .build/obj_atelier6k_default/quantum/action_layer.o
                0x00000000000012de                read_source_layers_cache
 .text.layer_switch_get_layer
                0x0000000000001302       0x5a .build/obj_atelier6k_default/quantum/action_layer.o
                0x0000000000001302                layer_switch_get_layer
 .text.layer_switch_get_action
                0x000000000000135c       0x16 .build/obj_atelier6k_default/quantum/action_layer.o
                0x000000000000135c                layer_switch_get_action
 .text.store_or_get_action
                0x0000000000001372       0x46 .build/obj_atelier6k_default/quantum/action_layer.o
                0x0000000000001372                store_or_get_action
 .text.debug_waiting_buffer
                0x00000000000013b8       0x42 .build/obj_atelier6k_default/quantum/action_tapping.o
 .text.debug_tapping_key
                0x00000000000013fa       0x1e .build/obj_atelier6k_default/quantum/action_tapping.o
 .text.waiting_buffer_scan_tap
                0x0000000000001418       0xaa .build/obj_atelier6k_default/quantum/action_tapping.o
 .text.process_tapping
                0x00000000000014c2      0x30e .build/obj_atelier6k_default/quantum/action_tapping.o
 .text.action_tapping_process
                0x00000000000017d0      0x11e .build/obj_atelier6k_default/quantum/action_tapping.o
                0x00000000000017d0                action_tapping_process
 .text.add_key  0x00000000000018ee       0x10 .build/obj_atelier6k_default/quantum/action_util.o
                0x00000000000018ee                add_key
 .text.del_key  0x00000000000018fe       0x10 .build/obj_atelier6k_default/quantum/action_util.o
                0x00000000000018fe                del_key
 .text.clear_keys
                0x000000000000190e        0xe .build/obj_atelier6k_default/quantum/action_util.o
                0x000000000000190e                clear_keys
 .text.get_oneshot_layer
                0x000000000000191c        0xc .build/obj_atelier6k_default/quantum/action_util.o
                0x000000000000191c                get_oneshot_layer
 .text.get_oneshot_layer_state
                0x0000000000001928        0x8 .build/obj_atelier6k_default/quantum/action_util.o
                0x0000000000001928                get_oneshot_layer_state
 .text.is_oneshot_layer_active
                0x0000000000001930        0xe .build/obj_atelier6k_default/quantum/action_util.o
                0x0000000000001930                is_oneshot_layer_active
 .text.get_mods
                0x000000000000193e        0x6 .build/obj_atelier6k_default/quantum/action_util.o
                0x000000000000193e                get_mods
 .text.add_mods
                0x0000000000001944        0xc .build/obj_atelier6k_default/quantum/action_util.o
                0x0000000000001944                add_mods
 .text.del_mods
                0x0000000000001950        0xe .build/obj_atelier6k_default/quantum/action_util.o
                0x0000000000001950                del_mods
 .text.clear_mods
                0x000000000000195e        0x6 .build/obj_atelier6k_default/quantum/action_util.o
                0x000000000000195e                clear_mods
 .text.add_weak_mods
                0x0000000000001964        0xc .build/obj_atelier6k_default/quantum/action_util.o
                0x0000000000001964                add_weak_mods
 .text.del_weak_mods
                0x0000000000001970        0xe .build/obj_atelier6k_default/quantum/action_util.o
                0x0000000000001970                del_weak_mods
 .text.clear_weak_mods
                0x000000000000197e        0x6 .build/obj_atelier6k_default/quantum/action_util.o
                0x000000000000197e                clear_weak_mods
 .text.get_oneshot_mods
                0x0000000000001984        0x6 .build/obj_atelier6k_default/quantum/action_util.o
                0x0000000000001984                get_oneshot_mods
 .text.oneshot_mods_changed_user
                0x000000000000198a        0x2 .build/obj_atelier6k_default/quantum/action_util.o
                0x000000000000198a                oneshot_mods_changed_user
 .text.oneshot_mods_changed_kb
                0x000000000000198c        0x6 .build/obj_atelier6k_default/quantum/action_util.o
                0x000000000000198c                oneshot_mods_changed_kb
 .text.set_oneshot_mods
                0x0000000000001992       0x1a .build/obj_atelier6k_default/quantum/action_util.o
                0x0000000000001992                set_oneshot_mods
 .text.clear_oneshot_mods
                0x00000000000019ac       0x14 .build/obj_atelier6k_default/quantum/action_util.o
                0x00000000000019ac                clear_oneshot_mods
 .text.send_keyboard_report
                0x00000000000019c0       0x82 .build/obj_atelier6k_default/quantum/action_util.o
                0x00000000000019c0                send_keyboard_report
 .text.oneshot_layer_changed_user
                0x0000000000001a42        0x2 .build/obj_atelier6k_default/quantum/action_util.o
                0x0000000000001a42                oneshot_layer_changed_user
 .text.oneshot_layer_changed_kb
                0x0000000000001a44        0x6 .build/obj_atelier6k_default/quantum/action_util.o
                0x0000000000001a44                oneshot_layer_changed_kb
 .text.set_oneshot_layer
                0x0000000000001a4a       0x30 .build/obj_atelier6k_default/quantum/action_util.o
                0x0000000000001a4a                set_oneshot_layer
 .text.reset_oneshot_layer
                0x0000000000001a7a        0xc .build/obj_atelier6k_default/quantum/action_util.o
                0x0000000000001a7a                reset_oneshot_layer
 .text.clear_oneshot_layer_state
                0x0000000000001a86       0x38 .build/obj_atelier6k_default/quantum/action_util.o
                0x0000000000001a86                clear_oneshot_layer_state
 .text.oneshot_set
                0x0000000000001abe       0x2a .build/obj_atelier6k_default/quantum/action_util.o
                0x0000000000001abe                oneshot_set
 .text.oneshot_toggle
                0x0000000000001ae8       0x14 .build/obj_atelier6k_default/quantum/action_util.o
                0x0000000000001ae8                oneshot_toggle
 .text.oneshot_enable
                0x0000000000001afc        0x8 .build/obj_atelier6k_default/quantum/action_util.o
                0x0000000000001afc                oneshot_enable
 .text.oneshot_disable
                0x0000000000001b04        0x8 .build/obj_atelier6k_default/quantum/action_util.o
                0x0000000000001b04                oneshot_disable
 .text.eeconfig_disable
                0x0000000000001b0c        0xe .build/obj_atelier6k_default/quantum/eeconfig.o
                0x0000000000001b0c                eeconfig_disable
 .text.eeconfig_is_enabled
                0x0000000000001b1a       0x18 .build/obj_atelier6k_default/quantum/eeconfig.o
                0x0000000000001b1a                eeconfig_is_enabled
 .text.eeconfig_read_debug
                0x0000000000001b32        0xa .build/obj_atelier6k_default/quantum/eeconfig.o
                0x0000000000001b32                eeconfig_read_debug
 .text.eeconfig_read_default_layer
                0x0000000000001b3c        0xa .build/obj_atelier6k_default/quantum/eeconfig.o
                0x0000000000001b3c                eeconfig_read_default_layer
 .text.eeconfig_read_keymap
                0x0000000000001b46       0x1c .build/obj_atelier6k_default/quantum/eeconfig.o
                0x0000000000001b46                eeconfig_read_keymap
 .text.eeconfig_update_keymap
                0x0000000000001b62       0x1c .build/obj_atelier6k_default/quantum/eeconfig.o
                0x0000000000001b62                eeconfig_update_keymap
 .text.eeconfig_update_kb
                0x0000000000001b7e        0xe .build/obj_atelier6k_default/quantum/eeconfig.o
                0x0000000000001b7e                eeconfig_update_kb
 .text.eeconfig_update_user
                0x0000000000001b8c        0xe .build/obj_atelier6k_default/quantum/eeconfig.o
                0x0000000000001b8c                eeconfig_update_user
 .text.eeconfig_init_user
                0x0000000000001b9a        0xc .build/obj_atelier6k_default/quantum/eeconfig.o
                0x0000000000001b9a                eeconfig_init_user
 .text.eeconfig_init_kb
                0x0000000000001ba6       0x10 .build/obj_atelier6k_default/quantum/eeconfig.o
                0x0000000000001ba6                eeconfig_init_kb
 .text.eeconfig_init_quantum
                0x0000000000001bb6       0xbe .build/obj_atelier6k_default/quantum/eeconfig.o
                0x0000000000001bb6                eeconfig_init_quantum
 .text.eeconfig_init
                0x0000000000001c74        0x6 .build/obj_atelier6k_default/quantum/eeconfig.o
                0x0000000000001c74                eeconfig_init
 .text.eeconfig_update_handedness
                0x0000000000001c7a        0xc .build/obj_atelier6k_default/quantum/eeconfig.o
                0x0000000000001c7a                eeconfig_update_handedness
 .text.last_matrix_activity_trigger
                0x0000000000001c86       0x26 .build/obj_atelier6k_default/quantum/keyboard.o
                0x0000000000001c86                last_matrix_activity_trigger
 .text.matrix_setup
                0x0000000000001cac        0x2 .build/obj_atelier6k_default/quantum/keyboard.o
                0x0000000000001cac                matrix_setup
 .text.keyboard_pre_init_user
                0x0000000000001cae        0x2 .build/obj_atelier6k_default/quantum/keyboard.o
                0x0000000000001cae                keyboard_pre_init_user
 .text.keyboard_pre_init_kb
                0x0000000000001cb0        0x6 .build/obj_atelier6k_default/quantum/keyboard.o
                0x0000000000001cb0                keyboard_pre_init_kb
 .text.keyboard_post_init_user
                0x0000000000001cb6        0x2 .build/obj_atelier6k_default/quantum/keyboard.o
                0x0000000000001cb6                keyboard_post_init_user
 .text.keyboard_post_init_kb
                0x0000000000001cb8        0x6 .build/obj_atelier6k_default/quantum/keyboard.o
                0x0000000000001cb8                keyboard_post_init_kb
 .text.keyboard_setup
                0x0000000000001cbe       0x12 .build/obj_atelier6k_default/quantum/keyboard.o
                0x0000000000001cbe                keyboard_setup
 .text.is_keyboard_master
                0x0000000000001cd0        0x4 .build/obj_atelier6k_default/quantum/keyboard.o
                0x0000000000001cd0                is_keyboard_master
 .text.should_process_keypress
                0x0000000000001cd4        0x6 .build/obj_atelier6k_default/quantum/keyboard.o
                0x0000000000001cd4                should_process_keypress
 .text.housekeeping_task_kb
                0x0000000000001cda        0x2 .build/obj_atelier6k_default/quantum/keyboard.o
                0x0000000000001cda                housekeeping_task_kb
 .text.housekeeping_task_user
                0x0000000000001cdc        0x2 .build/obj_atelier6k_default/quantum/keyboard.o
                0x0000000000001cdc                housekeeping_task_user
 .text.housekeeping_task
                0x0000000000001cde        0xa .build/obj_atelier6k_default/quantum/keyboard.o
                0x0000000000001cde                housekeeping_task
 .text.quantum_init
                0x0000000000001ce8        0xe .build/obj_atelier6k_default/quantum/keyboard.o
                0x0000000000001ce8                quantum_init
 .text.keyboard_init
                0x0000000000001cf6       0x34 .build/obj_atelier6k_default/quantum/keyboard.o
                0x0000000000001cf6                keyboard_init
 .text.matrix_scan_task
                0x0000000000001d2a       0xe8 .build/obj_atelier6k_default/quantum/keyboard.o
                0x0000000000001d2a                matrix_scan_task
 .text.keyboard_task
                0x0000000000001e12       0x16 .build/obj_atelier6k_default/quantum/keyboard.o
                0x0000000000001e12                keyboard_task
 .text.action_for_keycode
                0x0000000000001e28      0x1ac .build/obj_atelier6k_default/quantum/keymap_common.o
                0x0000000000001e28                action_for_keycode
 .text.action_for_key
                0x0000000000001fd4        0xa .build/obj_atelier6k_default/quantum/keymap_common.o
                0x0000000000001fd4                action_for_key
 .text.keycode_config
                0x0000000000001fde      0x12e .build/obj_atelier6k_default/quantum/keycode_config.o
                0x0000000000001fde                keycode_config
 .text.mod_config
                0x000000000000210c       0x86 .build/obj_atelier6k_default/quantum/keycode_config.o
                0x000000000000210c                mod_config
 .text.sendchar
                0x0000000000002192        0x4 .build/obj_atelier6k_default/quantum/logging/sendchar.o
                0x0000000000002192                sendchar
 .text.bootmagic_lite_reset_eeprom
                0x0000000000002196        0x6 .build/obj_atelier6k_default/quantum/bootmagic/bootmagic_lite.o
                0x0000000000002196                bootmagic_lite_reset_eeprom
 .text.bootmagic_lite
                0x000000000000219c       0x2e .build/obj_atelier6k_default/quantum/bootmagic/bootmagic_lite.o
                0x000000000000219c                bootmagic_lite
 .text.bootmagic
                0x00000000000021ca        0x6 .build/obj_atelier6k_default/quantum/bootmagic/bootmagic_lite.o
                0x00000000000021ca                bootmagic
 .text.magic    0x00000000000021d0       0x36 .build/obj_atelier6k_default/quantum/bootmagic/magic.o
                0x00000000000021d0                magic
 .text.matrix_init_kb
                0x0000000000002206        0x6 .build/obj_atelier6k_default/quantum/matrix_common.o
                0x0000000000002206                matrix_init_kb
 .text.matrix_scan_kb
                0x000000000000220c        0x6 .build/obj_atelier6k_default/quantum/matrix_common.o
                0x000000000000220c                matrix_scan_kb
 .text.matrix_get_row
                0x0000000000002212        0xc .build/obj_atelier6k_default/quantum/matrix_common.o
                0x0000000000002212                matrix_get_row
 .text.matrix_print
                0x000000000000221e        0x2 .build/obj_atelier6k_default/quantum/matrix_common.o
                0x000000000000221e                matrix_print
 .text.matrix_io_delay
                0x0000000000002220        0x8 .build/obj_atelier6k_default/quantum/matrix_common.o
                0x0000000000002220                matrix_io_delay
 .text.matrix_output_select_delay
                0x0000000000002228        0x4 .build/obj_atelier6k_default/quantum/matrix_common.o
                0x0000000000002228                matrix_output_select_delay
 .text.matrix_output_unselect_delay
                0x000000000000222c        0x6 .build/obj_atelier6k_default/quantum/matrix_common.o
                0x000000000000222c                matrix_output_unselect_delay
 .text.setPinInputHigh_atomic
                0x0000000000002232       0x2e .build/obj_atelier6k_default/quantum/matrix.o
 .text.matrix_init_pins
                0x0000000000002260       0x26 .build/obj_atelier6k_default/quantum/matrix.o
                0x0000000000002260                matrix_init_pins
 .text.matrix_read_cols_on_row
                0x0000000000002286       0xbe .build/obj_atelier6k_default/quantum/matrix.o
                0x0000000000002286                matrix_read_cols_on_row
 .text.matrix_init
                0x0000000000002344       0x2c .build/obj_atelier6k_default/quantum/matrix.o
                0x0000000000002344                matrix_init
 .text.matrix_scan
                0x0000000000002370       0x7e .build/obj_atelier6k_default/quantum/matrix.o
                0x0000000000002370                matrix_scan
 .text.debounce_init
                0x00000000000023ee        0x2 .build/obj_atelier6k_default/quantum/debounce/sym_defer_g.o
                0x00000000000023ee                debounce_init
 .text.debounce
                0x00000000000023f0       0x6a .build/obj_atelier6k_default/quantum/debounce/sym_defer_g.o
                0x00000000000023f0                debounce
 .text.protocol_init
                0x000000000000245a        0xe .build/obj_atelier6k_default/quantum/main.o
                0x000000000000245a                protocol_init
 .text.protocol_task
                0x0000000000002468        0xe .build/obj_atelier6k_default/quantum/main.o
                0x0000000000002468                protocol_task
 .text.startup.main
                0x0000000000002476       0x1a .build/obj_atelier6k_default/quantum/main.o
                0x0000000000002476                main
 .text.move_unit
                0x0000000000002490       0x7c .build/obj_atelier6k_default/quantum/mousekey.o
 .text.wheel_unit
                0x000000000000250c       0x72 .build/obj_atelier6k_default/quantum/mousekey.o
 .text.mousekey_on
                0x000000000000257e       0xb4 .build/obj_atelier6k_default/quantum/mousekey.o
                0x000000000000257e                mousekey_on
 .text.mousekey_off
                0x0000000000002632       0xf2 .build/obj_atelier6k_default/quantum/mousekey.o
                0x0000000000002632                mousekey_off
 .text.mousekey_send
                0x0000000000002724       0x38 .build/obj_atelier6k_default/quantum/mousekey.o
                0x0000000000002724                mousekey_send
 .text.mousekey_task
                0x000000000000275c      0x1ea .build/obj_atelier6k_default/quantum/mousekey.o
                0x000000000000275c                mousekey_task
 .text.mousekey_clear
                0x0000000000002946       0x1c .build/obj_atelier6k_default/quantum/mousekey.o
                0x0000000000002946                mousekey_clear
 .text.hsv_to_rgb_impl
                0x0000000000002962      0x126 .build/obj_atelier6k_default/quantum/color.o
                0x0000000000002962                hsv_to_rgb_impl
 .text.hsv_to_rgb
                0x0000000000002a88        0x8 .build/obj_atelier6k_default/quantum/color.o
                0x0000000000002a88                hsv_to_rgb
 .text.convert_rgb_to_rgbw
                0x0000000000002a90       0x26 .build/obj_atelier6k_default/quantum/color.o
                0x0000000000002a90                convert_rgb_to_rgbw
 .text.rgblight_effect_dummy
                0x0000000000002ab6        0x2 .build/obj_atelier6k_default/quantum/rgblight/rgblight.o
 .text.rgblight_hsv_to_rgb
                0x0000000000002ab8        0x6 .build/obj_atelier6k_default/quantum/rgblight/rgblight.o
                0x0000000000002ab8                rgblight_hsv_to_rgb
 .text.sethsv_raw
                0x0000000000002abe       0x1e .build/obj_atelier6k_default/quantum/rgblight/rgblight.o
                0x0000000000002abe                sethsv_raw
 .text.rgblight_check_config
                0x0000000000002adc       0x1e .build/obj_atelier6k_default/quantum/rgblight/rgblight.o
                0x0000000000002adc                rgblight_check_config
 .text.eeconfig_read_rgblight
                0x0000000000002afa        0xa .build/obj_atelier6k_default/quantum/rgblight/rgblight.o
                0x0000000000002afa                eeconfig_read_rgblight
 .text.eeconfig_update_rgblight
                0x0000000000002b04       0x26 .build/obj_atelier6k_default/quantum/rgblight/rgblight.o
                0x0000000000002b04                eeconfig_update_rgblight
 .text.eeconfig_update_rgblight_current
                0x0000000000002b2a       0x16 .build/obj_atelier6k_default/quantum/rgblight/rgblight.o
                0x0000000000002b2a                eeconfig_update_rgblight_current
 .text.eeconfig_update_rgblight_default
                0x0000000000002b40       0x20 .build/obj_atelier6k_default/quantum/rgblight/rgblight.o
                0x0000000000002b40                eeconfig_update_rgblight_default
 .text.rgblight_get_mode
                0x0000000000002b60       0x10 .build/obj_atelier6k_default/quantum/rgblight/rgblight.o
                0x0000000000002b60                rgblight_get_mode
 .text.rgblight_increase_speed_helper
                0x0000000000002b70       0x28 .build/obj_atelier6k_default/quantum/rgblight/rgblight.o
                0x0000000000002b70                rgblight_increase_speed_helper
 .text.rgblight_increase_speed
                0x0000000000002b98        0x8 .build/obj_atelier6k_default/quantum/rgblight/rgblight.o
                0x0000000000002b98                rgblight_increase_speed
 .text.rgblight_decrease_speed_helper
                0x0000000000002ba0       0x28 .build/obj_atelier6k_default/quantum/rgblight/rgblight.o
                0x0000000000002ba0                rgblight_decrease_speed_helper
 .text.rgblight_decrease_speed
                0x0000000000002bc8        0x8 .build/obj_atelier6k_default/quantum/rgblight/rgblight.o
                0x0000000000002bc8                rgblight_decrease_speed
 .text.rgblight_get_speed
                0x0000000000002bd0        0x6 .build/obj_atelier6k_default/quantum/rgblight/rgblight.o
                0x0000000000002bd0                rgblight_get_speed
 .text.rgblight_set_speed_eeprom_helper
                0x0000000000002bd6       0x1e .build/obj_atelier6k_default/quantum/rgblight/rgblight.o
                0x0000000000002bd6                rgblight_set_speed_eeprom_helper
 .text.rgblight_set_speed_noeeprom
                0x0000000000002bf4        0x8 .build/obj_atelier6k_default/quantum/rgblight/rgblight.o
                0x0000000000002bf4                rgblight_set_speed_noeeprom
 .text.rgblight_get_hue
                0x0000000000002bfc        0x6 .build/obj_atelier6k_default/quantum/rgblight/rgblight.o
                0x0000000000002bfc                rgblight_get_hue
 .text.rgblight_get_sat
                0x0000000000002c02        0x6 .build/obj_atelier6k_default/quantum/rgblight/rgblight.o
                0x0000000000002c02                rgblight_get_sat
 .text.rgblight_get_val
                0x0000000000002c08        0x6 .build/obj_atelier6k_default/quantum/rgblight/rgblight.o
                0x0000000000002c08                rgblight_get_val
 .text.rgblight_call_driver
                0x0000000000002c0e        0x8 .build/obj_atelier6k_default/quantum/rgblight/rgblight.o
                0x0000000000002c0e                rgblight_call_driver
 .text.rgblight_set
                0x0000000000002c16       0x78 .build/obj_atelier6k_default/quantum/rgblight/rgblight.o
                0x0000000000002c16                rgblight_set
 .text.rgblight_setrgb
                0x0000000000002c8e       0x34 .build/obj_atelier6k_default/quantum/rgblight/rgblight.o
                0x0000000000002c8e                rgblight_setrgb
 .text.rgblight_sethsv_noeeprom_old
                0x0000000000002cc2       0x30 .build/obj_atelier6k_default/quantum/rgblight/rgblight.o
                0x0000000000002cc2                rgblight_sethsv_noeeprom_old
 .text.rgblight_effect_breathing
                0x0000000000002cf2       0x28 .build/obj_atelier6k_default/quantum/rgblight/rgblight.o
                0x0000000000002cf2                rgblight_effect_breathing
 .text.rgblight_effect_rainbow_mood
                0x0000000000002d1a       0x20 .build/obj_atelier6k_default/quantum/rgblight/rgblight.o
                0x0000000000002d1a                rgblight_effect_rainbow_mood
 .text.rgblight_effect_rgbtest
                0x0000000000002d3a       0x72 .build/obj_atelier6k_default/quantum/rgblight/rgblight.o
                0x0000000000002d3a                rgblight_effect_rgbtest
 .text.rgblight_sethsv_eeprom_helper
                0x0000000000002dac       0xee .build/obj_atelier6k_default/quantum/rgblight/rgblight.o
                0x0000000000002dac                rgblight_sethsv_eeprom_helper
 .text.rgblight_increase_hue_helper
                0x0000000000002e9a       0x16 .build/obj_atelier6k_default/quantum/rgblight/rgblight.o
                0x0000000000002e9a                rgblight_increase_hue_helper
 .text.rgblight_increase_hue
                0x0000000000002eb0        0x8 .build/obj_atelier6k_default/quantum/rgblight/rgblight.o
                0x0000000000002eb0                rgblight_increase_hue
 .text.rgblight_decrease_hue_helper
                0x0000000000002eb8       0x16 .build/obj_atelier6k_default/quantum/rgblight/rgblight.o
                0x0000000000002eb8                rgblight_decrease_hue_helper
 .text.rgblight_decrease_hue
                0x0000000000002ece        0x8 .build/obj_atelier6k_default/quantum/rgblight/rgblight.o
                0x0000000000002ece                rgblight_decrease_hue
 .text.rgblight_increase_sat_helper
                0x0000000000002ed6       0x1a .build/obj_atelier6k_default/quantum/rgblight/rgblight.o
                0x0000000000002ed6                rgblight_increase_sat_helper
 .text.rgblight_increase_sat
                0x0000000000002ef0        0x8 .build/obj_atelier6k_default/quantum/rgblight/rgblight.o
                0x0000000000002ef0                rgblight_increase_sat
 .text.rgblight_decrease_sat_helper
                0x0000000000002ef8       0x1a .build/obj_atelier6k_default/quantum/rgblight/rgblight.o
                0x0000000000002ef8                rgblight_decrease_sat_helper
 .text.rgblight_decrease_sat
                0x0000000000002f12        0x8 .build/obj_atelier6k_default/quantum/rgblight/rgblight.o
                0x0000000000002f12                rgblight_decrease_sat
 .text.rgblight_increase_val_helper
                0x0000000000002f1a       0x1a .build/obj_atelier6k_default/quantum/rgblight/rgblight.o
                0x0000000000002f1a                rgblight_increase_val_helper
 .text.rgblight_increase_val
                0x0000000000002f34        0x8 .build/obj_atelier6k_default/quantum/rgblight/rgblight.o
                0x0000000000002f34                rgblight_increase_val
 .text.rgblight_decrease_val_helper
                0x0000000000002f3c       0x1a .build/obj_atelier6k_default/quantum/rgblight/rgblight.o
                0x0000000000002f3c                rgblight_decrease_val_helper
 .text.rgblight_decrease_val
                0x0000000000002f56        0x8 .build/obj_atelier6k_default/quantum/rgblight/rgblight.o
                0x0000000000002f56                rgblight_decrease_val
 .text.rgblight_sethsv_noeeprom
                0x0000000000002f5e        0x8 .build/obj_atelier6k_default/quantum/rgblight/rgblight.o
                0x0000000000002f5e                rgblight_sethsv_noeeprom
 .text.rgblight_effect_rainbow_swirl
                0x0000000000002f66       0x70 .build/obj_atelier6k_default/quantum/rgblight/rgblight.o
                0x0000000000002f66                rgblight_effect_rainbow_swirl
 .text.rgblight_effect_snake
                0x0000000000002fd6       0xe6 .build/obj_atelier6k_default/quantum/rgblight/rgblight.o
                0x0000000000002fd6                rgblight_effect_snake
 .text.rgblight_effect_knight
                0x00000000000030bc       0xda .build/obj_atelier6k_default/quantum/rgblight/rgblight.o
                0x00000000000030bc                rgblight_effect_knight
 .text.rgblight_effect_christmas
                0x0000000000003196      0x100 .build/obj_atelier6k_default/quantum/rgblight/rgblight.o
                0x0000000000003196                rgblight_effect_christmas
 .text.rgblight_effect_alternating
                0x0000000000003296       0x78 .build/obj_atelier6k_default/quantum/rgblight/rgblight.o
                0x0000000000003296                rgblight_effect_alternating
 .text.rgblight_disable
                0x000000000000330e       0x32 .build/obj_atelier6k_default/quantum/rgblight/rgblight.o
                0x000000000000330e                rgblight_disable
 .text.rgblight_disable_noeeprom
                0x0000000000003340       0x26 .build/obj_atelier6k_default/quantum/rgblight/rgblight.o
                0x0000000000003340                rgblight_disable_noeeprom
 .text.rgblight_timer_enable
                0x0000000000003366       0x2c .build/obj_atelier6k_default/quantum/rgblight/rgblight.o
                0x0000000000003366                rgblight_timer_enable
 .text.rgblight_mode_eeprom_helper
                0x0000000000003392       0x74 .build/obj_atelier6k_default/quantum/rgblight/rgblight.o
                0x0000000000003392                rgblight_mode_eeprom_helper
 .text.rgblight_step_helper
                0x0000000000003406       0x18 .build/obj_atelier6k_default/quantum/rgblight/rgblight.o
                0x0000000000003406                rgblight_step_helper
 .text.rgblight_step
                0x000000000000341e        0x8 .build/obj_atelier6k_default/quantum/rgblight/rgblight.o
                0x000000000000341e                rgblight_step
 .text.rgblight_step_reverse_helper
                0x0000000000003426       0x16 .build/obj_atelier6k_default/quantum/rgblight/rgblight.o
                0x0000000000003426                rgblight_step_reverse_helper
 .text.rgblight_step_reverse
                0x000000000000343c        0x8 .build/obj_atelier6k_default/quantum/rgblight/rgblight.o
                0x000000000000343c                rgblight_step_reverse
 .text.rgblight_mode
                0x0000000000003444        0x8 .build/obj_atelier6k_default/quantum/rgblight/rgblight.o
                0x0000000000003444                rgblight_mode
 .text.rgblight_enable
                0x000000000000344c       0x12 .build/obj_atelier6k_default/quantum/rgblight/rgblight.o
                0x000000000000344c                rgblight_enable
 .text.rgblight_toggle
                0x000000000000345e       0x14 .build/obj_atelier6k_default/quantum/rgblight/rgblight.o
                0x000000000000345e                rgblight_toggle
 .text.rgblight_mode_noeeprom
                0x0000000000003472        0x8 .build/obj_atelier6k_default/quantum/rgblight/rgblight.o
                0x0000000000003472                rgblight_mode_noeeprom
 .text.rgblight_init
                0x000000000000347a       0x66 .build/obj_atelier6k_default/quantum/rgblight/rgblight.o
                0x000000000000347a                rgblight_init
 .text.rgblight_enable_noeeprom
                0x00000000000034e0       0x12 .build/obj_atelier6k_default/quantum/rgblight/rgblight.o
                0x00000000000034e0                rgblight_enable_noeeprom
 .text.rgblight_task
                0x00000000000034f2      0x11c .build/obj_atelier6k_default/quantum/rgblight/rgblight.o
                0x00000000000034f2                rgblight_task
 .text.handleKeycodeRGB
                0x000000000000360e        0xc .build/obj_atelier6k_default/quantum/process_keycode/process_rgb.o
 .text.handleKeycodeRGBMode
                0x000000000000361a       0x2a .build/obj_atelier6k_default/quantum/process_keycode/process_rgb.o
 .text.process_rgb
                0x0000000000003644      0x190 .build/obj_atelier6k_default/quantum/process_keycode/process_rgb.o
                0x0000000000003644                process_rgb
 .text.eeconfig_read_backlight
                0x00000000000037d4        0xa .build/obj_atelier6k_default/quantum/backlight/backlight.o
                0x00000000000037d4                eeconfig_read_backlight
 .text.eeconfig_update_backlight
                0x00000000000037de        0xc .build/obj_atelier6k_default/quantum/backlight/backlight.o
                0x00000000000037de                eeconfig_update_backlight
 .text.eeconfig_update_backlight_current
                0x00000000000037ea        0xa .build/obj_atelier6k_default/quantum/backlight/backlight.o
                0x00000000000037ea                eeconfig_update_backlight_current
 .text.eeconfig_update_backlight_default
                0x00000000000037f4       0x12 .build/obj_atelier6k_default/quantum/backlight/backlight.o
                0x00000000000037f4                eeconfig_update_backlight_default
 .text.get_backlight_level
                0x0000000000003806        0xc .build/obj_atelier6k_default/quantum/backlight/backlight.o
                0x0000000000003806                get_backlight_level
 .text.backlight_init
                0x0000000000003812       0x3e .build/obj_atelier6k_default/quantum/backlight/backlight.o
                0x0000000000003812                backlight_init
 .text.backlight_increase
                0x0000000000003850       0x3e .build/obj_atelier6k_default/quantum/backlight/backlight.o
                0x0000000000003850                backlight_increase
 .text.backlight_decrease
                0x000000000000388e       0x38 .build/obj_atelier6k_default/quantum/backlight/backlight.o
                0x000000000000388e                backlight_decrease
 .text.backlight_enable
                0x00000000000038c6       0x30 .build/obj_atelier6k_default/quantum/backlight/backlight.o
                0x00000000000038c6                backlight_enable
 .text.backlight_disable
                0x00000000000038f6       0x1a .build/obj_atelier6k_default/quantum/backlight/backlight.o
                0x00000000000038f6                backlight_disable
 .text.backlight_toggle
                0x0000000000003910       0x14 .build/obj_atelier6k_default/quantum/backlight/backlight.o
                0x0000000000003910                backlight_toggle
 .text.backlight_step
                0x0000000000003924       0x54 .build/obj_atelier6k_default/quantum/backlight/backlight.o
                0x0000000000003924                backlight_step
 .text.backlight_level_noeeprom
                0x0000000000003978       0x34 .build/obj_atelier6k_default/quantum/backlight/backlight.o
                0x0000000000003978                backlight_level_noeeprom
 .text.backlight_level
                0x00000000000039ac        0xe .build/obj_atelier6k_default/quantum/backlight/backlight.o
                0x00000000000039ac                backlight_level
 .text.process_backlight
                0x00000000000039ba       0x60 .build/obj_atelier6k_default/quantum/process_keycode/process_backlight.o
                0x00000000000039ba                process_backlight
 .text.backlight_pins_init
                0x0000000000003a1a        0x6 .build/obj_atelier6k_default/quantum/backlight/backlight_driver_common.o
                0x0000000000003a1a                backlight_pins_init
 .text.backlight_pins_on
                0x0000000000003a20        0x4 .build/obj_atelier6k_default/quantum/backlight/backlight_driver_common.o
                0x0000000000003a20                backlight_pins_on
 .text.backlight_pins_off
                0x0000000000003a24        0x4 .build/obj_atelier6k_default/quantum/backlight/backlight_driver_common.o
                0x0000000000003a24                backlight_pins_off
 .text.__vector_17
                0x0000000000003a28       0x48 .build/obj_atelier6k_default/quantum/backlight/backlight_avr.o
                0x0000000000003a28                __vector_17
 .text.__vector_20
                0x0000000000003a70       0x6a .build/obj_atelier6k_default/quantum/backlight/backlight_avr.o
                0x0000000000003a70                __vector_20
 .text.backlight_set
                0x0000000000003ada      0x168 .build/obj_atelier6k_default/quantum/backlight/backlight_avr.o
                0x0000000000003ada                backlight_set
 .text.backlight_task
                0x0000000000003c42        0x2 .build/obj_atelier6k_default/quantum/backlight/backlight_avr.o
                0x0000000000003c42                backlight_task
 .text.backlight_init_ports
                0x0000000000003c44       0x22 .build/obj_atelier6k_default/quantum/backlight/backlight_avr.o
                0x0000000000003c44                backlight_init_ports
 .text.ws2812_setleds
                0x0000000000003c66       0x56 .build/obj_atelier6k_default/ws2812.o
                0x0000000000003c66                ws2812_setleds
 .text.via_eeprom_is_valid
                0x0000000000003cbc       0x32 .build/obj_atelier6k_default/quantum/via.o
                0x0000000000003cbc                via_eeprom_is_valid
 .text.via_eeprom_set_valid
                0x0000000000003cee       0x32 .build/obj_atelier6k_default/quantum/via.o
                0x0000000000003cee                via_eeprom_set_valid
 .text.via_init_kb
                0x0000000000003d20        0x2 .build/obj_atelier6k_default/quantum/via.o
                0x0000000000003d20                via_init_kb
 .text.via_get_layout_options
                0x0000000000003d22       0x12 .build/obj_atelier6k_default/quantum/via.o
                0x0000000000003d22                via_get_layout_options
 .text.via_set_layout_options_kb
                0x0000000000003d34        0x2 .build/obj_atelier6k_default/quantum/via.o
                0x0000000000003d34                via_set_layout_options_kb
 .text.via_set_layout_options
                0x0000000000003d36       0x16 .build/obj_atelier6k_default/quantum/via.o
                0x0000000000003d36                via_set_layout_options
 .text.eeconfig_init_via
                0x0000000000003d4c       0x20 .build/obj_atelier6k_default/quantum/via.o
                0x0000000000003d4c                eeconfig_init_via
 .text.via_init
                0x0000000000003d6c       0x1a .build/obj_atelier6k_default/quantum/via.o
                0x0000000000003d6c                via_init
 .text.process_record_via
                0x0000000000003d86       0x70 .build/obj_atelier6k_default/quantum/via.o
                0x0000000000003d86                process_record_via
 .text.raw_hid_receive_kb
                0x0000000000003df6        0x8 .build/obj_atelier6k_default/quantum/via.o
                0x0000000000003df6                raw_hid_receive_kb
 .text.via_qmk_backlight_get_value
                0x0000000000003dfe       0x34 .build/obj_atelier6k_default/quantum/via.o
                0x0000000000003dfe                via_qmk_backlight_get_value
 .text.via_qmk_backlight_set_value
                0x0000000000003e32       0x22 .build/obj_atelier6k_default/quantum/via.o
                0x0000000000003e32                via_qmk_backlight_set_value
 .text.via_qmk_rgblight_get_value
                0x0000000000003e54       0x42 .build/obj_atelier6k_default/quantum/via.o
                0x0000000000003e54                via_qmk_rgblight_get_value
 .text.via_qmk_rgblight_set_value
                0x0000000000003e96       0x62 .build/obj_atelier6k_default/quantum/via.o
                0x0000000000003e96                via_qmk_rgblight_set_value
 .text.raw_hid_receive
                0x0000000000003ef8      0x18a .build/obj_atelier6k_default/quantum/via.o
                0x0000000000003ef8                raw_hid_receive
 .text.process_magic
                0x0000000000004082      0x27a .build/obj_atelier6k_default/quantum/process_keycode/process_magic.o
                0x0000000000004082                process_magic
 .text.dynamic_keymap_get_layer_count
                0x00000000000042fc        0x4 .build/obj_atelier6k_default/quantum/dynamic_keymap.o
                0x00000000000042fc                dynamic_keymap_get_layer_count
 .text.dynamic_keymap_key_to_eeprom_address
                0x0000000000004300       0x20 .build/obj_atelier6k_default/quantum/dynamic_keymap.o
                0x0000000000004300                dynamic_keymap_key_to_eeprom_address
 .text.dynamic_keymap_get_keycode
                0x0000000000004320       0x44 .build/obj_atelier6k_default/quantum/dynamic_keymap.o
                0x0000000000004320                dynamic_keymap_get_keycode
 .text.dynamic_keymap_set_keycode
                0x0000000000004364       0x38 .build/obj_atelier6k_default/quantum/dynamic_keymap.o
                0x0000000000004364                dynamic_keymap_set_keycode
 .text.dynamic_keymap_reset
                0x000000000000439c       0x70 .build/obj_atelier6k_default/quantum/dynamic_keymap.o
                0x000000000000439c                dynamic_keymap_reset
 .text.dynamic_keymap_get_buffer
                0x000000000000440c       0x46 .build/obj_atelier6k_default/quantum/dynamic_keymap.o
                0x000000000000440c                dynamic_keymap_get_buffer
 .text.dynamic_keymap_set_buffer
                0x0000000000004452       0x46 .build/obj_atelier6k_default/quantum/dynamic_keymap.o
                0x0000000000004452                dynamic_keymap_set_buffer
 .text.keymap_key_to_keycode
                0x0000000000004498       0x1c .build/obj_atelier6k_default/quantum/dynamic_keymap.o
                0x0000000000004498                keymap_key_to_keycode
 .text.dynamic_keymap_macro_get_count
                0x00000000000044b4        0x4 .build/obj_atelier6k_default/quantum/dynamic_keymap.o
                0x00000000000044b4                dynamic_keymap_macro_get_count
 .text.dynamic_keymap_macro_get_buffer_size
                0x00000000000044b8        0x6 .build/obj_atelier6k_default/quantum/dynamic_keymap.o
                0x00000000000044b8                dynamic_keymap_macro_get_buffer_size
 .text.dynamic_keymap_macro_get_buffer
                0x00000000000044be       0x4a .build/obj_atelier6k_default/quantum/dynamic_keymap.o
                0x00000000000044be                dynamic_keymap_macro_get_buffer
 .text.dynamic_keymap_macro_set_buffer
                0x0000000000004508       0x4a .build/obj_atelier6k_default/quantum/dynamic_keymap.o
                0x0000000000004508                dynamic_keymap_macro_set_buffer
 .text.dynamic_keymap_macro_reset
                0x0000000000004552       0x20 .build/obj_atelier6k_default/quantum/dynamic_keymap.o
                0x0000000000004552                dynamic_keymap_macro_reset
 .text.dynamic_keymap_macro_send
                0x0000000000004572       0x94 .build/obj_atelier6k_default/quantum/dynamic_keymap.o
                0x0000000000004572                dynamic_keymap_macro_send
 .text.process_grave_esc
                0x0000000000004606       0x54 .build/obj_atelier6k_default/quantum/process_keycode/process_grave_esc.o
                0x0000000000004606                process_grave_esc
 .text.perform_space_cadet
                0x000000000000465a       0xc8 .build/obj_atelier6k_default/quantum/process_keycode/process_space_cadet.o
                0x000000000000465a                perform_space_cadet
 .text.process_space_cadet
                0x0000000000004722       0xa4 .build/obj_atelier6k_default/quantum/process_keycode/process_space_cadet.o
                0x0000000000004722                process_space_cadet
 .text.print_set_sendchar
                0x00000000000047c6        0xa .build/obj_atelier6k_default/platforms/avr/printf.o
                0x00000000000047c6                print_set_sendchar
 .text.host_set_driver
                0x00000000000047d0        0xa .build/obj_atelier6k_default/protocol/host.o
                0x00000000000047d0                host_set_driver
 .text.host_keyboard_leds
                0x00000000000047da       0x1a .build/obj_atelier6k_default/protocol/host.o
                0x00000000000047da                host_keyboard_leds
 .text.host_keyboard_send
                0x00000000000047f4       0x34 .build/obj_atelier6k_default/protocol/host.o
                0x00000000000047f4                host_keyboard_send
 .text.host_mouse_send
                0x0000000000004828       0x1c .build/obj_atelier6k_default/protocol/host.o
                0x0000000000004828                host_mouse_send
 .text.host_system_send
                0x0000000000004844       0x2c .build/obj_atelier6k_default/protocol/host.o
                0x0000000000004844                host_system_send
 .text.host_consumer_send
                0x0000000000004870       0x2c .build/obj_atelier6k_default/protocol/host.o
                0x0000000000004870                host_consumer_send
 .text.has_anykey
                0x000000000000489c       0x28 .build/obj_atelier6k_default/protocol/report.o
                0x000000000000489c                has_anykey
 .text.is_key_pressed
                0x00000000000048c4       0x60 .build/obj_atelier6k_default/protocol/report.o
                0x00000000000048c4                is_key_pressed
 .text.add_key_byte
                0x0000000000004924       0x34 .build/obj_atelier6k_default/protocol/report.o
                0x0000000000004924                add_key_byte
 .text.del_key_byte
                0x0000000000004958       0x1a .build/obj_atelier6k_default/protocol/report.o
                0x0000000000004958                del_key_byte
 .text.add_key_bit
                0x0000000000004972       0x28 .build/obj_atelier6k_default/protocol/report.o
                0x0000000000004972                add_key_bit
 .text.del_key_bit
                0x000000000000499a       0x2a .build/obj_atelier6k_default/protocol/report.o
                0x000000000000499a                del_key_bit
 .text.add_key_to_report
                0x00000000000049c4       0x1c .build/obj_atelier6k_default/protocol/report.o
                0x00000000000049c4                add_key_to_report
 .text.del_key_from_report
                0x00000000000049e0       0x1c .build/obj_atelier6k_default/protocol/report.o
                0x00000000000049e0                del_key_from_report
 .text.clear_keys_from_report
                0x00000000000049fc       0x24 .build/obj_atelier6k_default/protocol/report.o
                0x00000000000049fc                clear_keys_from_report
 .text.has_mouse_report_changed
                0x0000000000004a20       0x14 .build/obj_atelier6k_default/protocol/report.o
                0x0000000000004a20                has_mouse_report_changed
 .text.notify_usb_device_state_change_user
                0x0000000000004a34        0x2 .build/obj_atelier6k_default/protocol/usb_device_state.o
                0x0000000000004a34                notify_usb_device_state_change_user
 .text.notify_usb_device_state_change_kb
                0x0000000000004a36        0x6 .build/obj_atelier6k_default/protocol/usb_device_state.o
                0x0000000000004a36                notify_usb_device_state_change_kb
 .text.usb_device_state_set_configuration
                0x0000000000004a3c       0x14 .build/obj_atelier6k_default/protocol/usb_device_state.o
                0x0000000000004a3c                usb_device_state_set_configuration
 .text.usb_device_state_set_suspend
                0x0000000000004a50        0xc .build/obj_atelier6k_default/protocol/usb_device_state.o
                0x0000000000004a50                usb_device_state_set_suspend
 .text.usb_device_state_set_resume
                0x0000000000004a5c        0x6 .build/obj_atelier6k_default/protocol/usb_device_state.o
                0x0000000000004a5c                usb_device_state_set_resume
 .text.usb_device_state_set_reset
                0x0000000000004a62        0xc .build/obj_atelier6k_default/protocol/usb_device_state.o
                0x0000000000004a62                usb_device_state_set_reset
 .text.usb_device_state_init
                0x0000000000004a6e        0x6 .build/obj_atelier6k_default/protocol/usb_device_state.o
                0x0000000000004a6e                usb_device_state_init
 .text.suspend_wakeup_init_user
                0x0000000000004a74        0x2 .build/obj_atelier6k_default/platforms/suspend.o
                0x0000000000004a74                suspend_wakeup_init_user
 .text.suspend_power_down_user
                0x0000000000004a76        0x2 .build/obj_atelier6k_default/platforms/suspend.o
                0x0000000000004a76                suspend_power_down_user
 .text.suspend_power_down_kb
                0x0000000000004a78        0x6 .build/obj_atelier6k_default/platforms/suspend.o
                0x0000000000004a78                suspend_power_down_kb
 .text.matrix_power_up
                0x0000000000004a7e        0x2 .build/obj_atelier6k_default/platforms/suspend.o
                0x0000000000004a7e                matrix_power_up
 .text.matrix_power_down
                0x0000000000004a80        0x2 .build/obj_atelier6k_default/platforms/suspend.o
                0x0000000000004a80                matrix_power_down
 .text.suspend_wakeup_init_kb
                0x0000000000004a82        0x6 .build/obj_atelier6k_default/platforms/suspend.o
                0x0000000000004a82                suspend_wakeup_init_kb
 .text.suspend_wakeup_condition
                0x0000000000004a88       0x28 .build/obj_atelier6k_default/platforms/suspend.o
                0x0000000000004a88                suspend_wakeup_condition
 .text.platform_setup
                0x0000000000004ab0        0xe .build/obj_atelier6k_default/platforms/avr/platform.o
                0x0000000000004ab0                platform_setup
 .text.__vector_12
                0x0000000000004abe       0x4e .build/obj_atelier6k_default/platforms/avr/suspend.o
                0x0000000000004abe                __vector_12
 .text.suspend_power_down
                0x0000000000004b0c       0x56 .build/obj_atelier6k_default/platforms/avr/suspend.o
                0x0000000000004b0c                suspend_power_down
 .text.suspend_wakeup_init
                0x0000000000004b62        0xa .build/obj_atelier6k_default/platforms/avr/suspend.o
                0x0000000000004b62                suspend_wakeup_init
 .text.timer_init
                0x0000000000004b6c       0x12 .build/obj_atelier6k_default/platforms/avr/timer.o
                0x0000000000004b6c                timer_init
 .text.timer_read
                0x0000000000004b7e       0x18 .build/obj_atelier6k_default/platforms/avr/timer.o
                0x0000000000004b7e                timer_read
 .text.timer_read32
                0x0000000000004b96       0x18 .build/obj_atelier6k_default/platforms/avr/timer.o
                0x0000000000004b96                timer_read32
 .text.timer_elapsed
                0x0000000000004bae       0x1e .build/obj_atelier6k_default/platforms/avr/timer.o
                0x0000000000004bae                timer_elapsed
 .text.__vector_21
                0x0000000000004bcc       0x48 .build/obj_atelier6k_default/platforms/avr/timer.o
                0x0000000000004bcc                __vector_21
 .text.bootloader_jump
                0x0000000000004c14       0x48 .build/obj_atelier6k_default/platforms/avr/bootloaders/dfu.o
                0x0000000000004c14                bootloader_jump
 .text.mcu_reset
                0x0000000000004c5c       0x16 .build/obj_atelier6k_default/platforms/avr/bootloaders/dfu.o
                0x0000000000004c5c                mcu_reset
 .text.keyboard_leds
                0x0000000000004c72        0x6 .build/obj_atelier6k_default/lufa.o
 .text.send_system
                0x0000000000004c78        0x2 .build/obj_atelier6k_default/lufa.o
 .text.send_programmable_button
                0x0000000000004c7a        0x2 .build/obj_atelier6k_default/lufa.o
 .text.send_mouse
                0x0000000000004c7c       0x42 .build/obj_atelier6k_default/lufa.o
 .text.send_keyboard
                0x0000000000004cbe       0x80 .build/obj_atelier6k_default/lufa.o
 .text.send_consumer
                0x0000000000004d3e        0x2 .build/obj_atelier6k_default/lufa.o
 .text.raw_hid_send
                0x0000000000004d40       0x54 .build/obj_atelier6k_default/lufa.o
                0x0000000000004d40                raw_hid_send
 .text.EVENT_USB_Device_Connect
                0x0000000000004d94       0x1c .build/obj_atelier6k_default/lufa.o
                0x0000000000004d94                EVENT_USB_Device_Connect
 .text.EVENT_USB_Device_Disconnect
                0x0000000000004db0        0x6 .build/obj_atelier6k_default/lufa.o
                0x0000000000004db0                EVENT_USB_Device_Disconnect
 .text.EVENT_USB_Device_Reset
                0x0000000000004db6        0x6 .build/obj_atelier6k_default/lufa.o
                0x0000000000004db6                EVENT_USB_Device_Reset
 .text.EVENT_USB_Device_Suspend
                0x0000000000004dbc       0x12 .build/obj_atelier6k_default/lufa.o
                0x0000000000004dbc                EVENT_USB_Device_Suspend
 .text.EVENT_USB_Device_WakeUp
                0x0000000000004dce       0x16 .build/obj_atelier6k_default/lufa.o
                0x0000000000004dce                EVENT_USB_Device_WakeUp
 .text.EVENT_USB_Device_ConfigurationChanged
                0x0000000000004de4       0x3e .build/obj_atelier6k_default/lufa.o
                0x0000000000004de4                EVENT_USB_Device_ConfigurationChanged
 .text.EVENT_USB_Device_ControlRequest
                0x0000000000004e22      0x178 .build/obj_atelier6k_default/lufa.o
                0x0000000000004e22                EVENT_USB_Device_ControlRequest
 .text.protocol_setup
                0x0000000000004f9a       0x34 .build/obj_atelier6k_default/lufa.o
                0x0000000000004f9a                protocol_setup
 .text.protocol_pre_init
                0x0000000000004fce       0x1a .build/obj_atelier6k_default/lufa.o
                0x0000000000004fce                protocol_pre_init
 .text.protocol_post_init
                0x0000000000004fe8        0xa .build/obj_atelier6k_default/lufa.o
                0x0000000000004fe8                protocol_post_init
 .text.protocol_pre_task
                0x0000000000004ff2       0x34 .build/obj_atelier6k_default/lufa.o
                0x0000000000004ff2                protocol_pre_task
 .text.protocol_post_task
                0x0000000000005026       0x5e .build/obj_atelier6k_default/lufa.o
                0x0000000000005026                protocol_post_task
 .text.CALLBACK_USB_GetDescriptor
                0x0000000000005084        0x6 .build/obj_atelier6k_default/lufa.o
                0x0000000000005084                CALLBACK_USB_GetDescriptor
 .text.get_usb_descriptor
                0x000000000000508a       0xae .build/obj_atelier6k_default/usb_descriptor.o
                0x000000000000508a                get_usb_descriptor
 .text.USB_Device_SendRemoteWakeup
                0x0000000000005138       0x2c .build/obj_atelier6k_default/lib/lufa/LUFA/Drivers/USB/Core/AVR8/Device_AVR8.o
                0x0000000000005138                USB_Device_SendRemoteWakeup
 .text.Endpoint_Write_Stream_LE
                0x0000000000005164       0x9e .build/obj_atelier6k_default/lib/lufa/LUFA/Drivers/USB/Core/AVR8/EndpointStream_AVR8.o
                0x0000000000005164                Endpoint_Write_Stream_LE
 .text.Endpoint_Read_Stream_LE
                0x0000000000005202       0x9e .build/obj_atelier6k_default/lib/lufa/LUFA/Drivers/USB/Core/AVR8/EndpointStream_AVR8.o
                0x0000000000005202                Endpoint_Read_Stream_LE
 .text.Endpoint_Write_Control_Stream_LE
                0x00000000000052a0       0xbc .build/obj_atelier6k_default/lib/lufa/LUFA/Drivers/USB/Core/AVR8/EndpointStream_AVR8.o
                0x00000000000052a0                Endpoint_Write_Control_Stream_LE
 .text.Endpoint_Write_Control_PStream_LE
                0x000000000000535c       0xbe .build/obj_atelier6k_default/lib/lufa/LUFA/Drivers/USB/Core/AVR8/EndpointStream_AVR8.o
                0x000000000000535c                Endpoint_Write_Control_PStream_LE
 .text.Endpoint_ConfigureEndpoint_Prv
                0x000000000000541a       0x68 .build/obj_atelier6k_default/lib/lufa/LUFA/Drivers/USB/Core/AVR8/Endpoint_AVR8.o
                0x000000000000541a                Endpoint_ConfigureEndpoint_Prv
 .text.Endpoint_ClearStatusStage
                0x0000000000005482       0x3e .build/obj_atelier6k_default/lib/lufa/LUFA/Drivers/USB/Core/AVR8/Endpoint_AVR8.o
                0x0000000000005482                Endpoint_ClearStatusStage
 .text.Endpoint_WaitUntilReady
                0x00000000000054c0       0x62 .build/obj_atelier6k_default/lib/lufa/LUFA/Drivers/USB/Core/AVR8/Endpoint_AVR8.o
                0x00000000000054c0                Endpoint_WaitUntilReady
 .text.USB_Disable
                0x0000000000005522       0x34 .build/obj_atelier6k_default/lib/lufa/LUFA/Drivers/USB/Core/AVR8/USBController_AVR8.o
                0x0000000000005522                USB_Disable
 .text.USB_ResetInterface
                0x0000000000005556       0x86 .build/obj_atelier6k_default/lib/lufa/LUFA/Drivers/USB/Core/AVR8/USBController_AVR8.o
                0x0000000000005556                USB_ResetInterface
 .text.USB_Init
                0x00000000000055dc       0x24 .build/obj_atelier6k_default/lib/lufa/LUFA/Drivers/USB/Core/AVR8/USBController_AVR8.o
                0x00000000000055dc                USB_Init
 .text.USB_INT_DisableAllInterrupts
                0x0000000000005600       0x10 .build/obj_atelier6k_default/lib/lufa/LUFA/Drivers/USB/Core/AVR8/USBInterrupt_AVR8.o
                0x0000000000005600                USB_INT_DisableAllInterrupts
 .text.USB_INT_ClearAllInterrupts
                0x0000000000005610        0xa .build/obj_atelier6k_default/lib/lufa/LUFA/Drivers/USB/Core/AVR8/USBInterrupt_AVR8.o
                0x0000000000005610                USB_INT_ClearAllInterrupts
 .text.__vector_10
                0x000000000000561a      0x1a8 .build/obj_atelier6k_default/lib/lufa/LUFA/Drivers/USB/Core/AVR8/USBInterrupt_AVR8.o
                0x000000000000561a                __vector_10
 .text.__vector_11
                0x00000000000057c2       0x88 .build/obj_atelier6k_default/lib/lufa/LUFA/Drivers/USB/Core/AVR8/USBInterrupt_AVR8.o
                0x00000000000057c2                __vector_11
 .text.USB_Device_ProcessControlRequest
                0x000000000000584a      0x28e .build/obj_atelier6k_default/lib/lufa/LUFA/Drivers/USB/Core/DeviceStandardReq.o
                0x000000000000584a                USB_Device_ProcessControlRequest
 .text.USB_Event_Stub
                0x0000000000005ad8        0x2 .build/obj_atelier6k_default/lib/lufa/LUFA/Drivers/USB/Core/Events.o
                0x0000000000005ad8                EVENT_USB_Device_StartOfFrame
                0x0000000000005ad8                USB_Event_Stub
 .text.USB_USBTask
                0x0000000000005ada       0x36 .build/obj_atelier6k_default/lib/lufa/LUFA/Drivers/USB/Core/USBTask.o
                0x0000000000005ada                USB_USBTask
 .text.libgcc.mul
                0x0000000000005b10       0x20 e:/qmk_msys/mingw64/bin/../lib/gcc/avr/8.4.0/avr5\libgcc.a(_mulsi3.o)
                0x0000000000005b10                __mulsi3
 .text.libgcc.div
                0x0000000000005b30       0x1c e:/qmk_msys/mingw64/bin/../lib/gcc/avr/8.4.0/avr5\libgcc.a(_divmodqi4.o)
                0x0000000000005b30                __divmodqi4
 .text.libgcc.div
                0x0000000000005b4c       0x28 e:/qmk_msys/mingw64/bin/../lib/gcc/avr/8.4.0/avr5\libgcc.a(_udivmodhi4.o)
                0x0000000000005b4c                __udivmodhi4
 .text.libgcc.div
                0x0000000000005b74       0x28 e:/qmk_msys/mingw64/bin/../lib/gcc/avr/8.4.0/avr5\libgcc.a(_divmodhi4.o)
                0x0000000000005b74                _div
                0x0000000000005b74                __divmodhi4
 .text.libgcc.div
                0x0000000000005b9c       0x44 e:/qmk_msys/mingw64/bin/../lib/gcc/avr/8.4.0/avr5\libgcc.a(_udivmodsi4.o)
                0x0000000000005b9c                __udivmodsi4
 .text.libgcc   0x0000000000005be0        0xc e:/qmk_msys/mingw64/bin/../lib/gcc/avr/8.4.0/avr5\libgcc.a(_tablejump2.o)
                0x0000000000005be0                __tablejump2__
 .text.libgcc.builtins
                0x0000000000005bec        0xe e:/qmk_msys/mingw64/bin/../lib/gcc/avr/8.4.0/avr5\libgcc.a(_bswapsi2.o)
                0x0000000000005bec                __bswapsi2
 .text.libgcc.mul
                0x0000000000005bfa       0x10 e:/qmk_msys/mingw64/bin/../lib/gcc/avr/8.4.0/avr5\libgcc.a(_mulhisi3.o)
                0x0000000000005bfa                __mulhisi3
 .text.libgcc.mul
                0x0000000000005c0a       0x1e e:/qmk_msys/mingw64/bin/../lib/gcc/avr/8.4.0/avr5\libgcc.a(_umulhisi3.o)
                0x0000000000005c0a                __umulhisi3
 .text.libgcc.mul
                0x0000000000005c28        0xe e:/qmk_msys/mingw64/bin/../lib/gcc/avr/8.4.0/avr5\libgcc.a(_usmulhisi3.o)
                0x0000000000005c28                __usmulhisi3
                0x0000000000005c2c                __usmulhisi3_tail
 .text.libgcc.mul
                0x0000000000005c36       0x16 e:/qmk_msys/mingw64/bin/../lib/gcc/avr/8.4.0/avr5\libgcc.a(_muluhisi3.o)
                0x0000000000005c36                __muluhisi3
 .text.libgcc.mul
                0x0000000000005c4c       0x10 e:/qmk_msys/mingw64/bin/../lib/gcc/avr/8.4.0/avr5\libgcc.a(_mulshisi3.o)
                0x0000000000005c4c                __mulshisi3
                0x0000000000005c52                __mulohisi3
 .text.libgcc.prologue
                0x0000000000005c5c       0x38 e:/qmk_msys/mingw64/bin/../lib/gcc/avr/8.4.0/avr5\libgcc.a(_prologue.o)
                0x0000000000005c5c                __prologue_saves__
 .text.libgcc.prologue
                0x0000000000005c94       0x36 e:/qmk_msys/mingw64/bin/../lib/gcc/avr/8.4.0/avr5\libgcc.a(_epilogue.o)
                0x0000000000005c94                __epilogue_restores__
 .text.libgcc.div
                0x0000000000005cca       0x18 e:/qmk_msys/mingw64/bin/../lib/gcc/avr/8.4.0/avr5\libgcc.a(_udivmodqi4.o)
                0x0000000000005cca                __udivmodqi4
 .text.avr-libc
                0x0000000000005ce2       0x1a e:/qmk_msys/mingw64/bin/../lib/gcc/avr/8.4.0/../../../../avr/lib/avr5\libc.a(memchr.o)
                0x0000000000005ce2                memchr
 .text.avr-libc
                0x0000000000005cfc       0x1a e:/qmk_msys/mingw64/bin/../lib/gcc/avr/8.4.0/../../../../avr/lib/avr5\libc.a(memcmp.o)
                0x0000000000005cfc                memcmp
 .text.avr-libc
                0x0000000000005d16       0x10 e:/qmk_msys/mingw64/bin/../lib/gcc/avr/8.4.0/../../../../avr/lib/avr5\libatmega32u4.a(eerd_byte.o)
                0x0000000000005d16                eeprom_read_byte
 .text.avr-libc
                0x0000000000005d26        0xc e:/qmk_msys/mingw64/bin/../lib/gcc/avr/8.4.0/../../../../avr/lib/avr5\libatmega32u4.a(eerd_dword.o)
                0x0000000000005d26                eeprom_read_float
                0x0000000000005d26                eeprom_read_dword
 .text.avr-libc
                0x0000000000005d32        0xc e:/qmk_msys/mingw64/bin/../lib/gcc/avr/8.4.0/../../../../avr/lib/avr5\libatmega32u4.a(eerd_word.o)
                0x0000000000005d32                eeprom_read_word
 .text.avr-libc
                0x0000000000005d3e       0x24 e:/qmk_msys/mingw64/bin/../lib/gcc/avr/8.4.0/../../../../avr/lib/avr5\libatmega32u4.a(eeupd_byte.o)
                0x0000000000005d3e                eeprom_update_byte
                0x0000000000005d40                eeprom_update_r18
 .text.avr-libc
                0x0000000000005d62       0x18 e:/qmk_msys/mingw64/bin/../lib/gcc/avr/8.4.0/../../../../avr/lib/avr5\libatmega32u4.a(eeupd_dword.o)
                0x0000000000005d62                eeprom_update_float
                0x0000000000005d62                eeprom_update_dword
 .text.avr-libc
                0x0000000000005d7a        0xc e:/qmk_msys/mingw64/bin/../lib/gcc/avr/8.4.0/../../../../avr/lib/avr5\libatmega32u4.a(eeupd_word.o)
                0x0000000000005d7a                eeprom_update_word
 .text.avr-libc
                0x0000000000005d86       0x20 e:/qmk_msys/mingw64/bin/../lib/gcc/avr/8.4.0/../../../../avr/lib/avr5\libatmega32u4.a(eerd_block.o)
                0x0000000000005d86                eeprom_read_block